{
    "children": {
        "follow": {
            "status": "removed",
            "value": false
        },
        "host": {
            "status": "unchanged",
            "value": "hexlet.io"
        },
        "proxy": {
            "status": "removed",
            "value": "123.234.53.22"
        },
        "timeout": {
            "added": 20,
            "removed": 50,
            "status": "changed"
        },
        "verbose": {
            "status": "added",
            "value": true
        }
    },
    "status": "nested"
}